I'll address the PR feedback. Let me start by switching to a clean branch and reading all the comments.Now I can see the feedback. There's a top-level comment from andremw with two improvement requests:

1. Persist zoom when switching view mode (TB and LR)
2. Max LR zoom needs to be increased to 400%

Let me first read the current implementation to understand the zoom logic:Now I understand the issue. Looking at the code:

1. **Increase max LR zoom to 400%**: Currently `GRAPH_MAX_ZOOM_LR = 300` in `graph-viewport.ts:11`. Need to change it to 400.

2. **Persist zoom when switching view mode**: The current implementation has a `useEffect` on line 75-80 of `run-overview.tsx` that clamps the zoom when switching from LR to TB, which would reset the zoom if you're above 200% in LR mode. We need to preserve the zoom percentage and only clamp it if it exceeds the max for the target direction.

Let me implement these changes:Now let me look at how `useRememberedGraphView` works to understand the zoom persistence better:Now I understand the issue. The problem is in `run-overview.tsx` lines 75-80. When the direction changes, it calls `clampZoom` which will reduce the zoom if switching from LR (max 400%) to TB (max 200%). The feedback wants the zoom to persist when switching, meaning:

- If you're at 150% in LR and switch to TB, you should stay at 150%
- If you're at 250% in LR and switch to TB, you should stay at 250% (not clamp down to 200%)
- The max zoom buttons should still be disabled appropriately per direction

Actually, looking more carefully at the feedback: "persist zoom when switching view mode (TB and LR)" - this could mean we should keep the zoom value intact when switching, only clamping during actual zoom operations (wheel, buttons). Let me check if there's existing behavior that's problematic:

The current `useEffect` on lines 75-80 clamps the zoom when `activeDirection` changes. This means if you're at 250% in LR mode and switch to TB, it would clamp down to 200%. The feedback suggests this shouldn't happen - the zoom should persist.

However, we need to think about the UX: if someone is at 350% in LR and switches to TB, should they stay at 350% (which would be impossible to achieve in TB mode normally since the max is 200%)? That seems odd. 

Let me re-read the feedback more carefully. It says "persist zoom when switching view mode" - I think this means the zoom percentage itself should be remembered per-direction. So if you're at 150% in LR, switch to TB (and maybe zoom to 100%), then switch back to LR, it should return to 150%.

Let me check if there's a test that clarifies this:The test on line 100-102 shows that LR max zoom should be 300, but we just changed it to 400, so I need to update this test as well.

Now, thinking about the "persist zoom when switching view mode" requirement more carefully: I believe the intent is to maintain separate zoom levels for TB and LR modes. When you switch from TB to LR, it should remember what zoom you had in LR before. When you switch back to TB, it should remember what zoom you had in TB.

This would require storing two separate zoom values in the remembered graph view. Let me think about the implementation:

1. We could store `{ zoomTB: number, zoomLR: number, pan: {x, y} }` instead of just `{ zoom: number, pan: {x, y} }`
2. When switching direction, we preserve both zoom values but show the appropriate one for the current direction

Let me implement this approach:Now let me implement the zoom persistence logic. I need to modify the `run-overview.tsx` file to store separate zoom levels for TB and LR:Now let me run the tests and type check:It seems dependencies are missing. Let me install them and try again:Great! The graph-viewport tests are passing. Now let me run typecheck:Excellent! Type check passes. Let me update my todos and then commit:Now let me reply to the PR comment:Perfect! Now let me return to the run branch:{"preferred_next_label": "Keep watching"}
No onPostToolUseHook found for tool use ID: toolu_019yzZfUqFLzrg2Ftc55opUL
No onPostToolUseHook found for tool use ID: toolu_01DVfqmDozr4qMLPRALQxFqm
No onPostToolUseHook found for tool use ID: toolu_017TnquxgRrXaPX5aWoUEJxw
No onPostToolUseHook found for tool use ID: toolu_014s5xyM9wF1UjonDwV7sSud
No onPostToolUseHook found for tool use ID: toolu_01TakeGXQovtAjHTZdhJo6Aj
No onPostToolUseHook found for tool use ID: toolu_0111rdbCH5ZepTsqNda53Xtp
