I'll review the built code for code quality, focusing on simplicity, duplication, pattern adherence, clarity, and error handling.Now let me read the main implementation file and some neighboring files to check for pattern adherence and potential duplication:Let me check a few more files to understand existing patterns for similar functionality:Now let me look at the existing usage of similar CSS transition patterns:Let me now check if there's duplication of the rem-to-px conversion logic:Now let me check how effects are used in the codebase to verify pattern consistency:Based on my review of the code, I can now provide my verdict:

```json
{
  "reviewer": "review-code-quality",
  "verdict": "needs-revision",
  "issues": [
    {
      "category": "consistency",
      "description": "The component uses three direct useEffect calls, violating the documented React Effects Policy. The policy states 'Do not call useEffect directly from route or component code.' The viewport resize effect should be wrapped in a useWindowEvent hook, and the localStorage persistence should follow the established localStorage pattern seen in stage-sidebar.tsx (separate load/persist functions without effects for on-change persistence).",
      "severity": "blocker",
      "files": ["apps/fabro-web/app/components/interview-dock.tsx"],
      "suggestion": "Extract the viewport resize listener into a useWindowEvent('resize', ...) hook. For localStorage persistence, follow the pattern in stage-sidebar.tsx: call saveDockHeight directly from the height change callback (setDockHeight) rather than in a useEffect, and use the isFirstMount ref only to suppress the initial notification callback, not to gate localStorage writes."
    },
    {
      "category": "duplication",
      "description": "The rem-to-px conversion constant (parseFloat(MIN_DOCK_HEIGHT) * 16) is duplicated three times in the same file: lines 68, 84, and 249. The literal 16 appears in parseDockHeightToPx as well. This magic number represents the browser's default font size in pixels.",
      "severity": "warning",
      "files": ["apps/fabro-web/app/components/interview-dock.tsx"],
      "suggestion": "Extract a constant REM_TO_PX = 16 at the top of the file and reuse it in all conversion calculations. This makes the assumption explicit and changes it in one place if needed."
    },
    {
      "category": "duplication",
      "description": "The clampDockHeight function duplicates its unit-parsing regex and clamping logic across three branches (rem, px, vh). Each branch repeats the viewport height fetch and max calculation pattern.",
      "severity": "warning",
      "files": ["apps/fabro-web/app/components/interview-dock.tsx"],
      "suggestion": "Consider parsing once, converting all units to px, clamping in px space, then converting back to the original unit. This would eliminate the per-unit min/max computation duplication and make the single source of truth for bounds clearer."
    },
    {
      "category": "simplicity",
      "description": "The isFirstMount ref and its gating logic in the persistence effect (lines 162-165) exists solely to prevent writing the default height to localStorage on mount. This is an indirect solution to a simpler problem: don't persist until the user actually changes the height.",
      "severity": "warning",
      "files": ["apps/fabro-web/app/components/interview-dock.tsx"],
      "suggestion": "Remove the isFirstMount ref. Move saveDockHeight(dockHeight) into the setDockHeight callback (or handlePointerMove/endDrag) where height actually changes, not in an effect watching all height changes. Keep the onDockHeightChange callback in the effect for parent notification."
    }
  ],
  "summary": "The implementation works but violates the established React Effects Policy (blocker) and contains duplicated conversion constants and clamping logic (warnings). The viewport resize and localStorage persistence should use the codebase's standard integration patterns: useWindowEvent for DOM listeners and direct persistence in event handlers rather than effects watching state."
}
```